gcc -g p2original.c
 ./a.out
Enter number = 1
Enter number = 2
Enter number = 3
Largest no = 3

The Largest Number among 1, 2, 3 is 3
 gdb a.out
GNU gdb (Ubuntu 8.1.1-0ubuntu1) 8.1.1
Copyright (C) 2018 Free Software Foundation, Inc.
License GPLv3+: GNU GPL version 3 or later <http://gnu.org/licenses/gpl.html>
This is free software: you are free to change and redistribute it.
There is NO WARRANTY, to the extent permitted by law.  Type "show copying"
and "show warranty" for details.
This GDB was configured as "x86_64-linux-gnu".
Type "show configuration" for configuration details.
For bug reporting instructions, please see:
<http://www.gnu.org/software/gdb/bugs/>.
Find the GDB manual and other documentation resources online at:
<http://www.gnu.org/software/gdb/documentation/>.
For help, type "help".
Type "apropos word" to search for commands related to "word"...
Reading symbols from a.out...done.
(gdb) b main
Breakpoint 1 at 0x6b2: file p2original.c, line 9.
(gdb) l
1   #include <stdio.h>
2
3   int input();
4   int largest(int x, int y, int z);
5   int output(int x, int y, int z, int result);
6
7   int main()
8   {
9       int a = input();
10      int b = input();
(gdb) r
Starting program: /home/runner/pps-IA1-practice-1/a.out 
warning: Error disabling address space randomization: Operation not permitted

Breakpoint 1, main () at p2original.c:9
9       int a = input();
(gdb) n
Enter number = 1
10      int b = input();
(gdb) n
Enter number = 2
11      int c = input();
(gdb) n
Enter number = 3
13      int largestNumber = largest(a,b,c);
(gdb) n
15      printf("Largest no = %d\n", largestNumber);
(gdb) n
Largest no = 3
17      output(a,b,c,largestNumber);
(gdb) n

The Largest Number among 1, 2, 3 is 3
19      return 0;
(gdb) n
20  }
(gdb) n
__libc_start_main (main=0x56518fa006aa <main>, argc=1, argv=0x7ffcbe1a5d68, 
    init=<optimized out>, fini=<optimized out>, rtld_fini=<optimized out>, 
    stack_end=0x7ffcbe1a5d58) at ../csu/libc-start.c:344
344 ../csu/libc-start.c: No such file or directory.
(gdb) n
[Inferior 1 (process 874) exited normally]
(gdb) 