 gcc -g p5original.c
 ./a.out
Enter a number: 4
The Square root of 4.00 is: 2.00
 gdb a.out
GNU gdb (Ubuntu 8.1.1-0ubuntu1) 8.1.1
Copyright (C) 2018 Free Software Foundation, Inc.
License GPLv3+: GNU GPL version 3 or later <http://gnu.org/licenses/gpl.html>
This is free software: you are free to change and redistribute it.
There is NO WARRANTY, to the extent permitted by law.  Type "show copying"
and "show warranty" for details.
This GDB was configured as "x86_64-linux-gnu".
Type "show configuration" for configuration details.
For bug reporting instructions, please see:
<http://www.gnu.org/software/gdb/bugs/>.
Find the GDB manual and other documentation resources online at:
<http://www.gnu.org/software/gdb/documentation/>.
For help, type "help".
Type "apropos word" to search for commands related to "word"...
Reading symbols from a.out...done.
(gdb) b main
Breakpoint 1 at 0x84c: file p5original.c, line 29.
(gdb) l
15      float i = 1, ans = 1;
16      while(ans <= n){
17          i++;
18          ans = i * i;
19      }
20      return i - 1;
21  }
22
23  void output(float n, float sqrt_result){
24      printf("The Square root of %0.2f is: %0.2f\n", n, sqrt_result);
(gdb) r
Starting program: /home/runner/pps-IA1-practice-1/a.out 
warning: Error disabling address space randomization: Operation not permitted

Breakpoint 1, main () at p5original.c:29
29      n = input();
(gdb) n
Enter a number: 4
30      sqrt_result = my_sqrt(n);
(gdb) n
31      output(n, sqrt_result);
(gdb) n
The Square root of 4.00 is: 2.00
32      return 0;
(gdb) n
33  }(gdb) n
__libc_start_main (main=0x55d407e00844 <main>, argc=1, argv=0x7ffdeb779988, 
    init=<optimized out>, fini=<optimized out>, rtld_fini=<optimized out>, 
    stack_end=0x7ffdeb779978) at ../csu/libc-start.c:344
344 ../csu/libc-start.c: No such file or directory.
(gdb) n
[Inferior 1 (process 1211) exited normally]
(gdb) 