gcc -g p7original.c
 ./a.out
For 1st complex number 
Enter the real and imaginary parts: 2 3

For 2nd complex number 
Enter the real and imaginary parts: 4 5
Sum = 6.0 + 8.0i 
 gdb a.out
GNU gdb (Ubuntu 8.1.1-0ubuntu1) 8.1.1
Copyright (C) 2018 Free Software Foundation, Inc.
License GPLv3+: GNU GPL version 3 or later <http://gnu.org/licenses/gpl.html>
This is free software: you are free to change and redistribute it.
There is NO WARRANTY, to the extent permitted by law.  Type "show copying"
and "show warranty" for details.
This GDB was configured as "x86_64-linux-gnu".
Type "show configuration" for configuration details.
For bug reporting instructions, please see:
<http://www.gnu.org/software/gdb/bugs/>.
Find the GDB manual and other documentation resources online at:
<http://www.gnu.org/software/gdb/documentation/>.
For help, type "help".
Type "apropos word" to search for commands related to "word"...
Reading symbols from a.out...done.
(gdb) b main
Breakpoint 1 at 0x772: file p7original.c, line 9.
(gdb) l
1   #include <stdio.h>
2   typedef struct complex {
3       float real;
4       float imag;
5   } complex;
6
7   complex add(complex n1, complex n2);
8
9   int main() {
10      complex n1, n2, result;
(gdb) r
Starting program: /home/runner/pps-IA1-practice-1/a.out 
warning: Error disabling address space randomization: Operation not permitted

Breakpoint 1, main () at p7original.c:9
9   int main() {
(gdb) n
12      printf("For 1st complex number \n");
(gdb) n
For 1st complex number 
13      printf("Enter the real and imaginary parts: ");
(gdb) n
14      scanf("%f %f", &n1.real, &n1.imag);
(gdb) n
Enter the real and imaginary parts: 2 3
15      printf("\nFor 2nd complex number \n");
(gdb) n

For 2nd complex number 
16      printf("Enter the real and imaginary parts: ");
(gdb) n
17      scanf("%f %f", &n2.real, &n2.imag);
(gdb) n
Enter the real and imaginary parts: 4 5
19      result = add(n1, n2);
(gdb) n
21      printf("Sum = %.1f + %.1fi", result.real, result.imag);
(gdb) n
22      return 0;
(gdb) n
23  }
(gdb) n
__libc_start_main (main=0x55cf8640076a <main>, argc=1, argv=0x7ffdc941dea8, 
    init=<optimized out>, fini=<optimized out>, rtld_fini=<optimized out>, 
    stack_end=0x7ffdc941de98) at ../csu/libc-start.c:344
344 ../csu/libc-start.c: No such file or directory.
(gdb) n
Sum = 6.0 + 8.0i[Inferior 1 (process 1694) exited normally]
(gdb) 